// Jest Snapshot v1, https://goo.gl/fbAQLP

exports[`malController Should update a manga if it is already in the list 1`] = `"Updated"`;

exports[`malController Should update an anime if already in the list 1`] = `"Updated"`;
